INFO:     Started server process [54064]
INFO:     Waiting for application startup.
INFO:     Application startup complete.
INFO:     Uvicorn running on http://0.0.0.0:8000 (Press CTRL+C to quit)
2026-08-08 20:37:21,345 INFO sqlalchemy.engine.Engine select pg_catalog.version()
2026-08-08 20:37:21,345 INFO sqlalchemy.engine.Engine [raw sql] ()
2026-08-08 20:37:21,349 INFO sqlalchemy.engine.Engine select current_schema()
2026-08-08 20:37:21,349 INFO sqlalchemy.engine.Engine [raw sql] ()
2026-08-08 20:37:21,350 INFO sqlalchemy.engine.Engine show standard_conforming_strings
2026-08-08 20:37:21,350 INFO sqlalchemy.engine.Engine [raw sql] ()
2026-08-08 20:37:21,351 INFO sqlalchemy.engine.Engine BEGIN (implicit)
2026-08-08 20:37:21,352 INFO sqlalchemy.engine.Engine SELECT "user".id, "user".email, "user".first_name, "user".last_name, "user".created_at, "user".updated_at 
FROM "user" 
WHERE "user".id = $1::VARCHAR
2026-08-08 20:37:21,352 INFO sqlalchemy.engine.Engine [generated in 0.00006s] ('user_mock123',)
INFO:     127.0.0.1:53651 - "POST /api/v1/ai/trigger-agent HTTP/1.1" 200 OK
2026-08-08 20:37:21,404 INFO sqlalchemy.engine.Engine ROLLBACK
INFO:     Shutting down
INFO:     Waiting for application shutdown.
INFO:     Application shutdown complete.
INFO:     Finished server process [54064]
